Error at: 119
<string>:1:0:ERROR:VALID:DTD_CONTENT_MODEL: Element body content does not follow the DTD, expecting (section | (list | table | p | pre) | skip | later)*, got (p p em CDATA p p p p p p p p p p p p p p p p p)
<document {http://www.w3.org/XML/1998/namespace}lang="smn" id="no_id">
    <header>
        <title>
            Sämitige čuákkim 1/2019 äššilisto - Samediggi
        </title>
        <genre code="admin">
        </genre>
        <author>
            <unknown>
            </unknown>
        </author>
        <translator>
            <unknown>
            </unknown>
        </translator>
        <translated_from {http://www.w3.org/XML/1998/namespace}lang="fin">
        </translated_from>
        <year>
            2019
        </year>
        <wordcount>
            106
        </wordcount>
        <conversion_status type="standard">
        </conversion_status>
        <availability>
            <free>
            </free>
        </availability>
        <multilingual>
        </multilingual>
        <origFileName>
            https://www.samediggi.fi/2019/02/11/samitige-cuakkim-1-2019-assilisto/?lang=an
        </origFileName>
        <parallel_text {http://www.w3.org/XML/1998/namespace}lang="dan" location="">
        </parallel_text>
        <parallel_text {http://www.w3.org/XML/1998/namespace}lang="eng" location="">
        </parallel_text>
        <parallel_text {http://www.w3.org/XML/1998/namespace}lang="fin" location="saamelaiskarajien_kokouksen_1_2019_esityslista.html">
        </parallel_text>
        <parallel_text {http://www.w3.org/XML/1998/namespace}lang="fit" location="">
        </parallel_text>
        <parallel_text {http://www.w3.org/XML/1998/namespace}lang="fkv" location="">
        </parallel_text>
        <parallel_text {http://www.w3.org/XML/1998/namespace}lang="ger" location="">
        </parallel_text>
        <parallel_text {http://www.w3.org/XML/1998/namespace}lang="isl" location="">
        </parallel_text>
        <parallel_text {http://www.w3.org/XML/1998/namespace}lang="kal" location="">
        </parallel_text>
        <parallel_text {http://www.w3.org/XML/1998/namespace}lang="kpv" location="">
        </parallel_text>
        <parallel_text {http://www.w3.org/XML/1998/namespace}lang="nno" location="">
        </parallel_text>
        <parallel_text {http://www.w3.org/XML/1998/namespace}lang="nob" location="">
        </parallel_text>
        <parallel_text {http://www.w3.org/XML/1998/namespace}lang="rus" location="">
        </parallel_text>
        <parallel_text {http://www.w3.org/XML/1998/namespace}lang="sma" location="">
        </parallel_text>
        <parallel_text {http://www.w3.org/XML/1998/namespace}lang="sme" location="samedikki_coahkkima_1_2019_asselistu.html">
        </parallel_text>
        <parallel_text {http://www.w3.org/XML/1998/namespace}lang="smj" location="">
        </parallel_text>
        <parallel_text {http://www.w3.org/XML/1998/namespace}lang="smn" location="">
        </parallel_text>
        <parallel_text {http://www.w3.org/XML/1998/namespace}lang="sms" location="saa_mtee_gg_sabbar_1_2019_a_sslistt.html">
        </parallel_text>
        <parallel_text {http://www.w3.org/XML/1998/namespace}lang="swe" location="">
        </parallel_text>
        <metadata>
            <uncomplete>
            </uncomplete>
        </metadata>
        <version>
            XSLtemplate $Revision$; file-specific xsl  Revision; common.xsl  $Revision$;
        </version>
    </header>
    <body>
        <p type="title">
            Sämitige čuákkim 1/2019 äššilisto
        </p>
        <p>
            Čuávuvâš Sämitige čuákkim (1/2019) tuálloo Sajosist, Anarist
        </p>
        <em type="bold">
            majebaargâ 19.2.2019 tme 10
        </em>
    .
        <p>
            Puávtáh čuávvuđ čuákkim pääihi alne parlamentsalist teikâ njuolgâ stream-vuolgâttâs peht čujottâsâst www.sogku.fi/live . Parlamentsalist tulkkumpiergâseh láá almolávt kiävtust. Vuolgâttâsâst kulloo čuákkimsalist sarnum kielâ.
        </p>
        <p>
            Čuákkimäššikirjeh láá dokumentijn tääbbin .
        </p>
        <p type="title">
            Áššilisto
        </p>
        <p>
            1 Čuákkim lekkâm
        </p>
        <p>
            2 Čuákkim lavâlâšvuođâ já meridemváldálâšvuođâ pahudem
        </p>
        <p>
            3 Pevdikirjetärhisteijei já jienârekinistei valjim
        </p>
        <p>
            4 Eidusij čuákkimaašij kieđâvuššâmoornig tuhhiittem
        </p>
        <p>
            5 Saavâjođetteijei já Sämitige ovdâstâm jesânij kejâstâh
        </p>
        <p>
            6 Sämitige muštâlus staatârááđán ivveest 2018
        </p>
        <p>
            7 Iäláttâsčällee virge vuáđudem
        </p>
        <p>
            8 Aalmugijkoskâsij aašij čällee virge vuáđudem
        </p>
        <p>
            9 Viestâdemčällee virge vuáđudem
        </p>
        <p>
            10 Uđđâ viirgij vuáđđudmân lohtâseijee pargo-oornignubástusah
        </p>
        <p>
            11 Lahâčällee virge tevdim
        </p>
        <p>
            12 Eres oovdân puáttee ääših
        </p>
        <p>
            13 Almottâsääših
        </p>
        <p>
            14 Čuákkim lopâttem
        </p>
    </body>
</document>
